<html>
<body>
<pre>
<h1>µVision Build Log</h1>
<h2>Tool Versions:</h2>
IDE-Version: µVision V5.26.2.0
Copyright (C) 2018 ARM Ltd and ARM Germany GmbH. All rights reserved.
License Information: ko ko, koko, LIC=----
 
Tool Versions:
Toolchain:       MDK-Lite  Version: 5.26.2.0
Toolchain Path:  D:\Data-Software\Keil_v5\ARM\ARMCC\Bin
C Compiler:      Armcc.exe V5.06 update 6 (build 750)
Assembler:       Armasm.exe V5.06 update 6 (build 750)
Linker/Locator:  ArmLink.exe V5.06 update 6 (build 750)
Library Manager: ArmAr.exe V5.06 update 6 (build 750)
Hex Converter:   FromElf.exe V5.06 update 6 (build 750)
CPU DLL:         SARMCM3.DLL V5.26.2.0
Dialog DLL:      DARMCM1.DLL V1.19.1.0
Target DLL:      STLink\ST-LINKIII-KEIL_SWO.dll V3.0.5.0
Dialog DLL:      TARMCM1.DLL V1.14.0.0
 
<h2>Project:</h2>
D:\Nuvoton\NUC140BSP\NuvotonPlatform_Keil\Sample\project\Smpl_NUC_ESP8266\Smpl_NUC_ESP8266.uvproj
Project File Date:  12/11/2018

<h2>Output:</h2>
*** Using Compiler 'V5.06 update 6 (build 750)', folder: 'D:\Data-Software\Keil_v5\ARM\ARMCC\Bin'
Rebuild target 'Smpl_NUC_ESP8266'
creating preprocessor file for core_cm0.c...
creating preprocessor file for system_NUC1xx.c...
compiling core_cm0.c...
assembling startup_NUC1xx.s...
creating preprocessor file for Smpl_main.c...
compiling system_NUC1xx.c...
creating preprocessor file for DrvSYS.c...
creating preprocessor file for DrvUART.c...
compiling Smpl_main.c...
creating preprocessor file for DrvGPIO.c...
compiling DrvSYS.c...
compiling DrvUART.c...
compiling DrvGPIO.c...
linking...
Program Size: Code=6176 RO-data=240 RW-data=68 ZI-data=1140  
After Build - User command #1: fromelf --bin ".\obj\Smpl_UART0.axf" --output ".\obj\Smpl_UART0.bin"
After Build - User command #2: fromelf --text -c ".\obj\Smpl_UART0.axf" --output ".\obj\Smpl_UART0.txt"
".\obj\Smpl_UART0.axf" - 0 Error(s), 0 Warning(s).
Build Time Elapsed:  00:00:02
</pre>
</body>
</html>
